// Jest Snapshot v1, https://goo.gl/fbAQLP

exports[`components | app-header | index snapshot doit correspondre au snapshot existant 1`] = `
<WithStyles(ForwardRef(Button))
  className="LoginButton-menuButtonRoot-2"
  onClick={[Function]}
>
  <VpnKeyIcon
    classes={
      Object {
        "root": "LoginButton-avatarIcon-1",
      }
    }
  />
  Se connecter
</WithStyles(ForwardRef(Button))>
`;
