// Jest Snapshot v1, https://goo.gl/fbAQLP

exports[`components | app-header | index snapshot doit correspondre quand l'user n'est pas connecté 1`] = `
<div
  className="MentionsLegales-container-1"
>
  <WithStyles(Grid)
    alignItems="flex-start"
    container={true}
    direction="row"
    justify="space-between"
  >
    <WithStyles(Grid)
      item={true}
      xs={6}
    >
      <WithStyles(Typography)>
        OPEN LexImpact est une interface qui permet de simuler, de façon rapide, l'impact des réformes paramétriques de l'impôt sur le revenu sur des foyers fiscaux types.
      </WithStyles(Typography)>
    </WithStyles(Grid)>
    <WithStyles(Grid)
      item={true}
      xs={6}
    >
      <div>
        <button
          type="button"
        >
          En savoir plus sur LexImpact
        </button>
        <button
          type="button"
        >
          Nos conditions d'utilisation
        </button>
        <button
          type="button"
        >
          Mentions légales
        </button>
        <button
          type="button"
        >
          Vos retours sont précieux
        </button>
      </div>
    </WithStyles(Grid)>
  </WithStyles(Grid)>
</div>
`;
