// Jest Snapshot v1, https://goo.gl/fbAQLP

exports[`components | reformeur | article snapshot doit correspondre avec les props requises 1`] = `
<div
  style={
    Object {
      "marginBottom": "1.5em",
      "marginLeft": "1.5em",
      "marginRight": "1.5em",
      "marginTop": "1em",
    }
  }
>
  <Connect(Alinea2)
    style={
      Object {
        "Button": Object {
          "margin": "10px",
          "padding": "3px",
        },
        "Div": Object {
          "marginBottom": "1.5em",
          "marginLeft": "1.5em",
          "marginRight": "1.5em",
          "marginTop": "1em",
        },
        "InputSeuil": Object {
          "fontSize": "20px",
          "marginLeft": "2px",
          "marginRight": "2px",
          "width": "70px",
        },
        "InputTaux": Object {
          "fontSize": "20px",
          "marginLeft": "0px",
          "marginRight": "3px",
          "width": "30px",
        },
        "Typography": Object {
          "padding": "5px",
        },
        "TypographyNouvelleTranche": Object {
          "color": "#00A3FF",
          "padding": "5px",
        },
        "Typographybouton": Object {
          "margin": "10px",
        },
        "VarCodeNew": Object {
          "color": "#00A3FF",
          "fontWeight": "bold",
          "lineHeight": "10px",
          "padding": "8px",
        },
        "VarCodeexistant": Object {
          "color": "#A6A00C",
          "fontWeight": "bold",
          "lineHeight": "10px",
          "padding": "8px",
          "textDecoration": "underline",
        },
      }
    }
  />
  <WithStyles(Typography)
    color="inherit"
    key="0"
    style={
      Object {
        "padding": "5px",
      }
    }
    variant="body2"
  >
    1. L'impôt est calculé en appliquant à la fraction de chaque part de revenu qui excède
    <OutputField
      style={
        Object {
          "color": "#A6A00C",
          "fontWeight": "bold",
          "lineHeight": "10px",
          "padding": "8px",
          "textDecoration": "underline",
        }
      }
      value={9964}
    />
    <InputField
      name="seuil0"
      onChange={[Function]}
      style={
        Object {
          "fontSize": "20px",
          "marginLeft": "2px",
          "marginRight": "2px",
          "width": "70px",
        }
      }
      value={9964}
    />
    € le taux de :
  </WithStyles(Typography)>
  <WithStyles(Typography)
    color="inherit"
    key="1"
    style={
      Object {
        "padding": "5px",
      }
    }
    variant="body2"
  >
    –
     
    <OutputField
      style={
        Object {
          "color": "#A6A00C",
          "fontWeight": "bold",
          "lineHeight": "10px",
          "padding": "8px",
          "textDecoration": "underline",
        }
      }
      value="14"
    />
    <InputField
      name="taux0"
      onChange={[Function]}
      style={
        Object {
          "fontSize": "20px",
          "marginLeft": "0px",
          "marginRight": "3px",
          "width": "30px",
        }
      }
      value="14"
    />
    % pour la fraction supérieure à
     
    <OutputField
      style={Object {}}
      value={9964}
    />
    € et inférieure ou égale à
    <OutputField
      style={
        Object {
          "color": "#A6A00C",
          "fontWeight": "bold",
          "lineHeight": "10px",
          "padding": "8px",
          "textDecoration": "underline",
        }
      }
      value={27519}
    />
    <InputField
      name="seuil1"
      onChange={[Function]}
      style={
        Object {
          "fontSize": "20px",
          "marginLeft": "2px",
          "marginRight": "2px",
          "width": "70px",
        }
      }
      value={27519}
    />
     
    € ;
  </WithStyles(Typography)>
  <WithStyles(Typography)
    color="inherit"
    key="2"
    style={
      Object {
        "padding": "5px",
      }
    }
    variant="body2"
  >
    –
     
    <OutputField
      style={
        Object {
          "color": "#A6A00C",
          "fontWeight": "bold",
          "lineHeight": "10px",
          "padding": "8px",
          "textDecoration": "underline",
        }
      }
      value="30"
    />
    <InputField
      name="taux1"
      onChange={[Function]}
      style={
        Object {
          "fontSize": "20px",
          "marginLeft": "0px",
          "marginRight": "3px",
          "width": "30px",
        }
      }
      value="30"
    />
    % pour la fraction supérieure à
     
    <OutputField
      style={Object {}}
      value={27519}
    />
    € et inférieure ou égale à
    <OutputField
      style={
        Object {
          "color": "#A6A00C",
          "fontWeight": "bold",
          "lineHeight": "10px",
          "padding": "8px",
          "textDecoration": "underline",
        }
      }
      value={73779}
    />
    <InputField
      name="seuil2"
      onChange={[Function]}
      style={
        Object {
          "fontSize": "20px",
          "marginLeft": "2px",
          "marginRight": "2px",
          "width": "70px",
        }
      }
      value={73779}
    />
     
    € ;
  </WithStyles(Typography)>
  <WithStyles(Typography)
    color="inherit"
    key="3"
    style={
      Object {
        "padding": "5px",
      }
    }
    variant="body2"
  >
    –
     
    <OutputField
      style={
        Object {
          "color": "#A6A00C",
          "fontWeight": "bold",
          "lineHeight": "10px",
          "padding": "8px",
          "textDecoration": "underline",
        }
      }
      value="41"
    />
    <InputField
      name="taux2"
      onChange={[Function]}
      style={
        Object {
          "fontSize": "20px",
          "marginLeft": "0px",
          "marginRight": "3px",
          "width": "30px",
        }
      }
      value="41"
    />
    % pour la fraction supérieure à
     
    <OutputField
      style={Object {}}
      value={73779}
    />
    € et inférieure ou égale à
    <OutputField
      style={
        Object {
          "color": "#A6A00C",
          "fontWeight": "bold",
          "lineHeight": "10px",
          "padding": "8px",
          "textDecoration": "underline",
        }
      }
      value={156244}
    />
    <InputField
      name="seuil3"
      onChange={[Function]}
      style={
        Object {
          "fontSize": "20px",
          "marginLeft": "2px",
          "marginRight": "2px",
          "width": "70px",
        }
      }
      value={156244}
    />
     
    € ;
  </WithStyles(Typography)>
  <WithStyles(Typography)
    color="inherit"
    key="4"
    style={
      Object {
        "padding": "5px",
      }
    }
    variant="body2"
  >
    – 
    <OutputField
      style={
        Object {
          "color": "#A6A00C",
          "fontWeight": "bold",
          "lineHeight": "10px",
          "padding": "8px",
          "textDecoration": "underline",
        }
      }
      value="45"
    />
    <InputField
      name="taux3"
      onChange={[Function]}
      style={
        Object {
          "fontSize": "20px",
          "marginLeft": "0px",
          "marginRight": "3px",
          "width": "30px",
        }
      }
      value={45}
    />
    % pour la fraction supérieure à 
    <OutputField
      style={Object {}}
      value={156244}
    />
    €.
  </WithStyles(Typography)>
  <div>
    <WithStyles(Fab)
      color="primary"
      onClick={[Function]}
      size="small"
      style={
        Object {
          "margin": "10px",
          "padding": "3px",
        }
      }
    >
      <pure(AddIcon) />
    </WithStyles(Fab)>
    <WithStyles(Typography)
      color="primary"
      inline={true}
      style={
        Object {
          "margin": "10px",
        }
      }
      variant="overline"
    >
      Ajouter une tranche
    </WithStyles(Typography)>
  </div>
  <div>
    <WithStyles(Fab)
      color="primary"
      onClick={[Function]}
      size="small"
      style={
        Object {
          "margin": "10px",
          "padding": "3px",
        }
      }
    >
      <pure(DeleteIcon) />
    </WithStyles(Fab)>
    <WithStyles(Typography)
      color="primary"
      inline={true}
      style={
        Object {
          "margin": "10px",
        }
      }
      variant="overline"
    >
      Supprimer une tranche
    </WithStyles(Typography)>
  </div>
  <Connect(Alinea2)
    baseOutputInput={[Function]}
    style={
      Object {
        "Button": Object {
          "margin": "10px",
          "padding": "3px",
        },
        "Div": Object {
          "marginBottom": "1.5em",
          "marginLeft": "1.5em",
          "marginRight": "1.5em",
          "marginTop": "1em",
        },
        "InputSeuil": Object {
          "fontSize": "20px",
          "marginLeft": "2px",
          "marginRight": "2px",
          "width": "70px",
        },
        "InputTaux": Object {
          "fontSize": "20px",
          "marginLeft": "0px",
          "marginRight": "3px",
          "width": "30px",
        },
        "Typography": Object {
          "padding": "5px",
        },
        "TypographyNouvelleTranche": Object {
          "color": "#00A3FF",
          "padding": "5px",
        },
        "Typographybouton": Object {
          "margin": "10px",
        },
        "VarCodeNew": Object {
          "color": "#00A3FF",
          "fontWeight": "bold",
          "lineHeight": "10px",
          "padding": "8px",
        },
        "VarCodeexistant": Object {
          "color": "#A6A00C",
          "fontWeight": "bold",
          "lineHeight": "10px",
          "padding": "8px",
          "textDecoration": "underline",
        },
      }
    }
  />
  <Connect(ArticleAlinea3)
    baseOutputInput={[Function]}
    style={
      Object {
        "Button": Object {
          "margin": "10px",
          "padding": "3px",
        },
        "Div": Object {
          "marginBottom": "1.5em",
          "marginLeft": "1.5em",
          "marginRight": "1.5em",
          "marginTop": "1em",
        },
        "InputSeuil": Object {
          "fontSize": "20px",
          "marginLeft": "2px",
          "marginRight": "2px",
          "width": "70px",
        },
        "InputTaux": Object {
          "fontSize": "20px",
          "marginLeft": "0px",
          "marginRight": "3px",
          "width": "30px",
        },
        "Typography": Object {
          "padding": "5px",
        },
        "TypographyNouvelleTranche": Object {
          "color": "#00A3FF",
          "padding": "5px",
        },
        "Typographybouton": Object {
          "margin": "10px",
        },
        "VarCodeNew": Object {
          "color": "#00A3FF",
          "fontWeight": "bold",
          "lineHeight": "10px",
          "padding": "8px",
        },
        "VarCodeexistant": Object {
          "color": "#A6A00C",
          "fontWeight": "bold",
          "lineHeight": "10px",
          "padding": "8px",
          "textDecoration": "underline",
        },
      }
    }
  />
  <Connect(Alinea4a)
    baseOutputInput={[Function]}
    basecode={
      Object {
        "impot_revenu": Object {
          "bareme": Object {
            "seuils": Array [
              9964,
              27519,
              73779,
              156244,
            ],
            "taux": Array [
              0.14,
              0.3,
              0.41,
              0.45,
            ],
          },
          "decote": Object {
            "seuil_celib": 1196,
            "seuil_couple": 1970,
            "taux": 0.75,
          },
          "plafond_qf": Object {
            "abat_dom": Object {
              "plaf_GuadMarReu": 2450,
              "plaf_GuyMay": 4050,
              "taux_GuadMarReu": 0.3,
              "taux_GuyMay": 0.4,
            },
            "celib": 927,
            "celib_enf": 3660,
            "maries_ou_pacses": 1551,
            "reduc_postplafond": 1547,
            "reduc_postplafond_veuf": 1728,
            "reduction_ss_condition_revenus": Object {
              "seuil1": 18984,
              "seuil2": 21036,
              "seuil_maj_enf": 3797,
              "taux": 0.2,
            },
          },
        },
      }
    }
    formulaOutputInput={[Function]}
    reforme={
      Object {
        "impot_revenu": Object {
          "bareme": Object {
            "seuils": Array [
              9964,
              27519,
              73779,
              156244,
            ],
            "taux": Array [
              0.14,
              0.3,
              0.41,
              0.45,
            ],
          },
          "decote": Object {
            "seuil_celib": 1196,
            "seuil_couple": 1970,
            "taux": 0.75,
          },
          "plafond_qf": Object {
            "abat_dom": Object {
              "plaf_GuadMarReu": 2450,
              "plaf_GuyMay": 4050,
              "taux_GuadMarReu": 0.3,
              "taux_GuyMay": 0.4,
            },
            "celib": 927,
            "celib_enf": 3660,
            "maries_ou_pacses": 1551,
            "reduc_postplafond": 1547,
            "reduc_postplafond_veuf": 1728,
            "reduction_ss_condition_revenus": Object {
              "seuil1": 18984,
              "seuil2": 21036,
              "seuil_maj_enf": 3797,
              "taux": 0.2,
            },
          },
        },
      }
    }
    style={
      Object {
        "Button": Object {
          "margin": "10px",
          "padding": "3px",
        },
        "Div": Object {
          "marginBottom": "1.5em",
          "marginLeft": "1.5em",
          "marginRight": "1.5em",
          "marginTop": "1em",
        },
        "InputSeuil": Object {
          "fontSize": "20px",
          "marginLeft": "2px",
          "marginRight": "2px",
          "width": "70px",
        },
        "InputTaux": Object {
          "fontSize": "20px",
          "marginLeft": "0px",
          "marginRight": "3px",
          "width": "30px",
        },
        "Typography": Object {
          "padding": "5px",
        },
        "TypographyNouvelleTranche": Object {
          "color": "#00A3FF",
          "padding": "5px",
        },
        "Typographybouton": Object {
          "margin": "10px",
        },
        "VarCodeNew": Object {
          "color": "#00A3FF",
          "fontWeight": "bold",
          "lineHeight": "10px",
          "padding": "8px",
        },
        "VarCodeexistant": Object {
          "color": "#A6A00C",
          "fontWeight": "bold",
          "lineHeight": "10px",
          "padding": "8px",
          "textDecoration": "underline",
        },
      }
    }
  />
  <Connect(Alinea4b)
    baseOutputInput={[Function]}
    basecode={
      Object {
        "impot_revenu": Object {
          "bareme": Object {
            "seuils": Array [
              9964,
              27519,
              73779,
              156244,
            ],
            "taux": Array [
              0.14,
              0.3,
              0.41,
              0.45,
            ],
          },
          "decote": Object {
            "seuil_celib": 1196,
            "seuil_couple": 1970,
            "taux": 0.75,
          },
          "plafond_qf": Object {
            "abat_dom": Object {
              "plaf_GuadMarReu": 2450,
              "plaf_GuyMay": 4050,
              "taux_GuadMarReu": 0.3,
              "taux_GuyMay": 0.4,
            },
            "celib": 927,
            "celib_enf": 3660,
            "maries_ou_pacses": 1551,
            "reduc_postplafond": 1547,
            "reduc_postplafond_veuf": 1728,
            "reduction_ss_condition_revenus": Object {
              "seuil1": 18984,
              "seuil2": 21036,
              "seuil_maj_enf": 3797,
              "taux": 0.2,
            },
          },
        },
      }
    }
    formulaOutputInput={[Function]}
    formulaOutputInputCombiLin={[Function]}
    formulaOutputInputFacteur={[Function]}
    reforme={
      Object {
        "impot_revenu": Object {
          "bareme": Object {
            "seuils": Array [
              9964,
              27519,
              73779,
              156244,
            ],
            "taux": Array [
              0.14,
              0.3,
              0.41,
              0.45,
            ],
          },
          "decote": Object {
            "seuil_celib": 1196,
            "seuil_couple": 1970,
            "taux": 0.75,
          },
          "plafond_qf": Object {
            "abat_dom": Object {
              "plaf_GuadMarReu": 2450,
              "plaf_GuyMay": 4050,
              "taux_GuadMarReu": 0.3,
              "taux_GuyMay": 0.4,
            },
            "celib": 927,
            "celib_enf": 3660,
            "maries_ou_pacses": 1551,
            "reduc_postplafond": 1547,
            "reduc_postplafond_veuf": 1728,
            "reduction_ss_condition_revenus": Object {
              "seuil1": 18984,
              "seuil2": 21036,
              "seuil_maj_enf": 3797,
              "taux": 0.2,
            },
          },
        },
      }
    }
    style={
      Object {
        "Button": Object {
          "margin": "10px",
          "padding": "3px",
        },
        "Div": Object {
          "marginBottom": "1.5em",
          "marginLeft": "1.5em",
          "marginRight": "1.5em",
          "marginTop": "1em",
        },
        "InputSeuil": Object {
          "fontSize": "20px",
          "marginLeft": "2px",
          "marginRight": "2px",
          "width": "70px",
        },
        "InputTaux": Object {
          "fontSize": "20px",
          "marginLeft": "0px",
          "marginRight": "3px",
          "width": "30px",
        },
        "Typography": Object {
          "padding": "5px",
        },
        "TypographyNouvelleTranche": Object {
          "color": "#00A3FF",
          "padding": "5px",
        },
        "Typographybouton": Object {
          "margin": "10px",
        },
        "VarCodeNew": Object {
          "color": "#00A3FF",
          "fontWeight": "bold",
          "lineHeight": "10px",
          "padding": "8px",
        },
        "VarCodeexistant": Object {
          "color": "#A6A00C",
          "fontWeight": "bold",
          "lineHeight": "10px",
          "padding": "8px",
          "textDecoration": "underline",
        },
      }
    }
  />
</div>
`;
