// Jest Snapshot v1, https://goo.gl/fbAQLP

exports[`components | connexion | email-input snapshot doit correspondre avec les props requises 1`] = `
<EmailTextInput
  classes={
    Object {
      "fieldsContainer": "EmailTextInput-fieldsContainer-3",
      "formGroup": "EmailTextInput-formGroup-1",
      "formLabel": "EmailTextInput-formLabel-2",
      "inputContainer": "EmailTextInput-inputContainer-4",
      "inputError": "EmailTextInput-inputError-6",
      "inputField": "EmailTextInput-inputField-5",
      "selectRoot": "EmailTextInput-selectRoot-7",
    }
  }
  domains={
    Array [
      "@any-domain",
    ]
  }
/>
`;
