// Jest Snapshot v1, https://goo.gl/fbAQLP

exports[`components | connexion | index snapshot doit correspondre avec les props requises 1`] = `
<Connexion
  classes={
    Object {
      "avatar": "Connexion-avatar-1",
      "avatarContainer": "Connexion-avatarContainer-2",
      "avatarIcon": "Connexion-avatarIcon-3",
      "form": "Connexion-form-4",
      "spanBolder": "Connexion-spanBolder-5",
      "spanLeximpactBolder": "Connexion-spanLeximpactBolder-6",
      "spanLeximpactLigther": "Connexion-spanLeximpactLigther-7",
      "title": "Connexion-title-8",
    }
  }
/>
`;
