// Jest Snapshot v1, https://goo.gl/fbAQLP

exports[`components | connexion | index snapshot doit correspondre avec les props requises 1`] = `
<Connexion
  classes={
    Object {
      "avatar": "Connexion-avatar-1",
      "avatarContainer": "Connexion-avatarContainer-2",
      "avatarIcon": "Connexion-avatarIcon-3",
      "closeButton": "Connexion-closeButton-4",
      "form": "Connexion-form-5",
      "spanBolder": "Connexion-spanBolder-6",
      "spanLeximpactBolder": "Connexion-spanLeximpactBolder-7",
      "spanLeximpactLigther": "Connexion-spanLeximpactLigther-8",
      "title": "Connexion-title-9",
    }
  }
  onClosePopin={[MockFunction]}
/>
`;
