// Jest Snapshot v1, https://goo.gl/fbAQLP

exports[`components | connexion | index snapshot doit correspondre avec les props requises 1`] = `
<Connexion
  classes={
    Object {
      "avatar": "Connexion-avatar-2",
      "avatarIcon": "Connexion-avatarIcon-3",
      "container": "Connexion-container-1",
      "form": "Connexion-form-4",
      "spanBolder": "Connexion-spanBolder-7",
      "spanLighter": "Connexion-spanLighter-6",
      "submit": "Connexion-submit-5",
    }
  }
/>
`;
